<?xml version="1.0" encoding="utf-8" ?>
<result>
	<row>
		<label>value6</label>
		<nb_visits>1</nb_visits>
		<nb_actions>4</nb_actions>
		<max_actions>4</max_actions>
		<sum_visit_length>1082</sum_visit_length>
		<bounce_count>0</bounce_count>
		
		<goals>
			<row idgoal='1'>
				<nb_conversions>1</nb_conversions>
				
				<revenue>0</revenue>
			</row>
		</goals>
		<nb_conversions>1</nb_conversions>
		<revenue>0</revenue>
		<sum_daily_nb_uniq_visitors>1</sum_daily_nb_uniq_visitors>
		<sum_daily_nb_users>0</sum_daily_nb_users>
		
		<avg_time_on_site>1082</avg_time_on_site>
		<bounce_rate>0%</bounce_rate>
		<nb_actions_per_visit>4</nb_actions_per_visit>
		<segment>dimension6==value6</segment>
	</row>
</result>